01:25:21 **** Incremental Build of configuration Debug for project lwip_matmult ****
make all 
make --no-print-directory pre-build
a9-linaro-pre-build-step
' '
make --no-print-directory main-build
'Building file: ../src/main.c'
'Invoking: ARM v7 gcc compiler'
arm-none-eabi-gcc -Wall -O0 -g3 -c -fmessage-length=0 -MT"src/main.o" -mcpu=cortex-a9 -mfpu=vfpv3 -mfloat-abi=hard -IC:/Xilinx/p/fm3/pla/export/pla/sw/pla/standalone_domain/bspinclude/include -MMD -MP -MF"src/main.d" -MT"src/main.o" -o "src/main.o" "../src/main.c"
'Finished building: ../src/main.c'
' '
'Building target: lwip_matmult.elf'
'Invoking: ARM v7 gcc linker'
arm-none-eabi-gcc -mcpu=cortex-a9 -mfpu=vfpv3 -mfloat-abi=hard -Wl,-build-id=none -specs=Xilinx.spec -Wl,-T -Wl,../src/lscript.ld -LC:/Xilinx/p/fm3/pla/export/pla/sw/pla/standalone_domain/bsplib/lib -o "lwip_matmult.elf"  ./src/i2c_access.o ./src/iic_phyreset.o ./src/main.o ./src/platform.o ./src/platform_mb.o ./src/platform_zynq.o ./src/platform_zynqmp.o ./src/sfp.o ./src/si5324.o   -Wl,--start-group,-lxil,-lgcc,-lc,--end-group -Wl,--start-group,-lxil,-llwip4,-lgcc,-lc,--end-group
'Finished building target: lwip_matmult.elf'
' '
'Invoking: ARM v7 Print Size'
arm-none-eabi-size lwip_matmult.elf  |tee "lwip_matmult.elf.size"
   text	   data	    bss	    dec	    hex	filename
 121111	   3124	10614848	10739083	 a3dd8b	lwip_matmult.elf
'Finished building: lwip_matmult.elf.size'
' '

01:25:22 Build Finished (took 1s.511ms)

