21:06:09 **** Incremental Build of configuration Debug for project matmult_ps ****
make all 
make --no-print-directory pre-build
a9-linaro-pre-build-step
' '
make --no-print-directory main-build
'Building file: ../src/helloworld2.c'
'Invoking: ARM v7 gcc compiler'
arm-none-eabi-gcc -Wall -O0 -g3 -c -fmessage-length=0 -MT"src/helloworld2.o" -mcpu=cortex-a9 -mfpu=vfpv3 -mfloat-abi=hard -IC:/Xilinx/p/fm3/pla/export/pla/sw/pla/standalone_domain/bspinclude/include -MMD -MP -MF"src/helloworld2.d" -MT"src/helloworld2.o" -o "src/helloworld2.o" "../src/helloworld2.c"
'Finished building: ../src/helloworld2.c'
' '
'Building file: ../src/platform.c'
'Invoking: ARM v7 gcc compiler'
arm-none-eabi-gcc -Wall -O0 -g3 -c -fmessage-length=0 -MT"src/platform.o" -mcpu=cortex-a9 -mfpu=vfpv3 -mfloat-abi=hard -IC:/Xilinx/p/fm3/pla/export/pla/sw/pla/standalone_domain/bspinclude/include -MMD -MP -MF"src/platform.d" -MT"src/platform.o" -o "src/platform.o" "../src/platform.c"
'Finished building: ../src/platform.c'
' '
'Building target: matmult_ps.elf'
'Invoking: ARM v7 gcc linker'
arm-none-eabi-gcc -mcpu=cortex-a9 -mfpu=vfpv3 -mfloat-abi=hard -Wl,-build-id=none -specs=Xilinx.spec -Wl,-T -Wl,../src/lscript.ld -LC:/Xilinx/p/fm3/pla/export/pla/sw/pla/standalone_domain/bsplib/lib -o "matmult_ps.elf"  ./src/helloworld2.o ./src/platform.o   -Wl,--start-group,-lxil,-lgcc,-lc,--end-group -Wl,--start-group,-lxil,-llwip4,-lgcc,-lc,--end-group
'Finished building target: matmult_ps.elf'
' '
'Invoking: ARM v7 Print Size'
arm-none-eabi-size matmult_ps.elf  |tee "matmult_ps.elf.size"
   text	   data	    bss	    dec	    hex	filename
 120489	   3132	10549312	10672933	 a2db25	matmult_ps.elf
'Finished building: matmult_ps.elf.size'
' '

21:06:32 Build Finished (took 23s.626ms)

